[
  {
    "code": "HF308",
    "severity": "error",
    "range": {
      "start": [
        12,
        42
      ],
      "end": [
        12,
        45
      ]
    },
    "message": "Response header values must be an array of strings — wrap it in [ … ]"
  },
  {
    "code": "HF303",
    "severity": "warning",
    "range": {
      "start": [
        25,
        43
      ],
      "end": [
        25,
        46
      ]
    },
    "message": "Content-Length 7 does not match body length 11"
  }
]
