[
  {
    "code": "HF601",
    "severity": "warning",
    "range": {
      "start": [
        6,
        34
      ],
      "end": [
        6,
        63
      ]
    },
    "message": "Invalid pattern"
  },
  {
    "code": "HF601",
    "severity": "warning",
    "range": {
      "start": [
        12,
        34
      ],
      "end": [
        12,
        50
      ]
    },
    "message": "Invalid pattern"
  }
]
