[
  {
    "code": "HF604",
    "severity": "information",
    "range": {
      "start": [
        5,
        20
      ],
      "end": [
        5,
        28
      ]
    },
    "message": "Prefer canonical \"method\"; \"Method\" works (Go matches case-insensitively) but is non-standard"
  },
  {
    "code": "HF604",
    "severity": "information",
    "range": {
      "start": [
        10,
        20
      ],
      "end": [
        10,
        30
      ]
    },
    "message": "Prefer canonical \"bodyFile\"; \"BodyFile\" works (Go matches case-insensitively) but is non-standard"
  }
]
