[
  {
    "code": "HF511",
    "severity": "error",
    "range": {
      "start": [
        14,
        53
      ],
      "end": [
        14,
        73
      ]
    },
    "message": "Unknown variable function \"randomStringLenght\" — Hoverfly rejects the import (only the 52 helper functions are valid)"
  }
]
