[
  {
    "code": "HF401",
    "severity": "warning",
    "range": {
      "start": [
        8,
        24
      ],
      "end": [
        8,
        33
      ]
    },
    "message": "State \"polling\" is required but never set by any transitionsState — this pair can only match if the state is set externally"
  }
]
